
============================================================
Subject: 化学
============================================================

[1/6] Generating HTML (pass 1, no page_map) …
真题：217 题（吉林-化学）
复习专题：473 个考点（复习/化学/）

[APPLY] → C:\Users\tjusu\Desktop\cc\family\kids\study\docs\student\化学复习手册.html  (3414 KB, 473 考点)

[2/6] Rendering pass 1 PDF …
  done in 165.7s  (23106KB)

[3/6] Building page_map (fitz token search) …
  fitz: 838 pages — extracting text (single pass) …
  primary (@@token@@): 460/473 hits
  page_map: 460/473 考点定位成功
  saved → C:\Users\tjusu\AppData\Local\Temp\handbook_化学_mzmrm07a\page_map.json

[4/6] Generating HTML (pass 2, with page_map) …
页码映射：460 个考点（C:\Users\tjusu\AppData\Local\Temp\handbook_化学_mzmrm07a\page_map.json）
真题：217 题（吉林-化学）
复习专题：473 个考点（复习/化学/）

[APPLY] → C:\Users\tjusu\Desktop\cc\family\kids\study\docs\student\化学复习手册.html  (3459 KB, 473 考点)

[5/6] Rendering pass 2 PDF …
  done in 160.3s  (23116KB)

[6/6] Stamping footer page numbers …
  → C:\Users\tjusu\Desktop\cc\family\kids\study\docs\student\化学复习手册.pdf  (838 pages)

[VERIFY] 化学 …
  footer ✓ (page number on p.1)
  refs ✓ '一定物质的量浓度溶液配制': page_map=417 == actual=417
  refs ✓ '一氯代物': page_map=631 == actual=631
  refs ✓ '丁基种类': page_map=227 == actual=227
  tree page-refs ✓ ('p.' found in first 20 pages)

  SUMMARY: 化学: 838页, 目录页码 460个, footer OK

============================================================
FINAL REPORT
============================================================
  化学: OK  838页  目录页码 460个
